Flow report for CNN
Sun Jan 25 14:10:23 2015
Quartus II Version 9.1 Build 350 03/24/2010 Service Pack 2 SJ Web Edition


---------------------
; Table of Contents ;
---------------------
  1. Legal Notice
  2. Flow Summary
  3. Flow Settings
  4. Flow Non-Default Global Settings
  5. Flow Elapsed Time
  6. Flow OS Summary
  7. Flow Log



----------------
; Legal Notice ;
----------------
Copyright (C) 1991-2010 Altera Corporation
Your use of Altera Corporation's design tools, logic functions 
and other software and tools, and its AMPP partner logic 
functions, and any output files from any of the foregoing 
(including device programming or simulation files), and any 
associated documentation or information are expressly subject 
to the terms and conditions of the Altera Program License 
Subscription Agreement, Altera MegaCore Function License 
Agreement, or other applicable license agreement, including, 
without limitation, that your use is for the sole purpose of 
programming logic devices manufactured by Altera and sold by 
Altera or its authorized distributors.  Please refer to the 
applicable agreement for further details.



+-----------------------------------------------------------------------------------+
; Flow Summary                                                                      ;
+------------------------------------+----------------------------------------------+
; Flow Status                        ; Successful - Sun Jan 25 14:10:22 2015        ;
; Quartus II Version                 ; 9.1 Build 350 03/24/2010 SP 2 SJ Web Edition ;
; Revision Name                      ; CNN                                          ;
; Top-level Entity Name              ; CNN                                          ;
; Family                             ; Cyclone II                                   ;
; Device                             ; EP2C20F484C7                                 ;
; Timing Models                      ; Final                                        ;
; Met timing requirements            ; Yes                                          ;
; Total logic elements               ; 0 / 18,752 ( 0 % )                           ;
;     Total combinational functions  ; 0 / 18,752 ( 0 % )                           ;
;     Dedicated logic registers      ; 0 / 18,752 ( 0 % )                           ;
; Total registers                    ; 0                                            ;
; Total pins                         ; 72 / 315 ( 23 % )                            ;
; Total virtual pins                 ; 0                                            ;
; Total memory bits                  ; 0 / 239,616 ( 0 % )                          ;
; Embedded Multiplier 9-bit elements ; 0 / 52 ( 0 % )                               ;
; Total PLLs                         ; 0 / 4 ( 0 % )                                ;
+------------------------------------+----------------------------------------------+


+-----------------------------------------+
; Flow Settings                           ;
+-------------------+---------------------+
; Option            ; Setting             ;
+-------------------+---------------------+
; Start date & time ; 01/25/2015 14:10:15 ;
; Main task         ; Compilation         ;
; Revision Name     ; CNN                 ;
+-------------------+---------------------+


+-------------------------------------------------------------------------------------------------------------------+
; Flow Non-Default Global Settings                                                                                  ;
+------------------------------------+-------------------------------+---------------+-------------+----------------+
; Assignment Name                    ; Value                         ; Default Value ; Entity Name ; Section Id     ;
+------------------------------------+-------------------------------+---------------+-------------+----------------+
; COMPILER_SIGNATURE_ID              ; 1097383315410.142221301508676 ; --            ; --          ; --             ;
; IP_TOOL_NAME                       ; LPM_CONSTANT                  ; --            ; --          ; --             ;
; IP_TOOL_NAME                       ; LPM_CONSTANT                  ; --            ; --          ; --             ;
; IP_TOOL_NAME                       ; LPM_CONSTANT                  ; --            ; --          ; --             ;
; IP_TOOL_NAME                       ; LPM_CONSTANT                  ; --            ; --          ; --             ;
; IP_TOOL_NAME                       ; LPM_CONSTANT                  ; --            ; --          ; --             ;
; IP_TOOL_NAME                       ; LPM_CONSTANT                  ; --            ; --          ; --             ;
; IP_TOOL_NAME                       ; LPM_CONSTANT                  ; --            ; --          ; --             ;
; IP_TOOL_NAME                       ; LPM_CONSTANT                  ; --            ; --          ; --             ;
; IP_TOOL_NAME                       ; LPM_CONSTANT                  ; --            ; --          ; --             ;
; IP_TOOL_NAME                       ; LPM_CONSTANT                  ; --            ; --          ; --             ;
; IP_TOOL_NAME                       ; LPM_CONSTANT                  ; --            ; --          ; --             ;
; IP_TOOL_NAME                       ; LPM_CONSTANT                  ; --            ; --          ; --             ;
; IP_TOOL_NAME                       ; LPM_CONSTANT                  ; --            ; --          ; --             ;
; IP_TOOL_NAME                       ; LPM_CONSTANT                  ; --            ; --          ; --             ;
; IP_TOOL_NAME                       ; LPM_CONSTANT                  ; --            ; --          ; --             ;
; IP_TOOL_NAME                       ; LPM_CONSTANT                  ; --            ; --          ; --             ;
; IP_TOOL_NAME                       ; LPM_CONSTANT                  ; --            ; --          ; --             ;
; IP_TOOL_NAME                       ; LPM_CONSTANT                  ; --            ; --          ; --             ;
; IP_TOOL_NAME                       ; LPM_CONSTANT                  ; --            ; --          ; --             ;
; IP_TOOL_NAME                       ; LPM_CONSTANT                  ; --            ; --          ; --             ;
; IP_TOOL_NAME                       ; LPM_CONSTANT                  ; --            ; --          ; --             ;
; IP_TOOL_NAME                       ; LPM_CONSTANT                  ; --            ; --          ; --             ;
; IP_TOOL_NAME                       ; LPM_CONSTANT                  ; --            ; --          ; --             ;
; IP_TOOL_NAME                       ; LPM_CONSTANT                  ; --            ; --          ; --             ;
; IP_TOOL_NAME                       ; LPM_CONSTANT                  ; --            ; --          ; --             ;
; IP_TOOL_NAME                       ; LPM_CONSTANT                  ; --            ; --          ; --             ;
; IP_TOOL_NAME                       ; LPM_CONSTANT                  ; --            ; --          ; --             ;
; IP_TOOL_VERSION                    ; 9.1                           ; --            ; --          ; --             ;
; IP_TOOL_VERSION                    ; 9.1                           ; --            ; --          ; --             ;
; IP_TOOL_VERSION                    ; 9.1                           ; --            ; --          ; --             ;
; IP_TOOL_VERSION                    ; 9.1                           ; --            ; --          ; --             ;
; IP_TOOL_VERSION                    ; 9.1                           ; --            ; --          ; --             ;
; IP_TOOL_VERSION                    ; 9.1                           ; --            ; --          ; --             ;
; IP_TOOL_VERSION                    ; 9.1                           ; --            ; --          ; --             ;
; IP_TOOL_VERSION                    ; 9.1                           ; --            ; --          ; --             ;
; IP_TOOL_VERSION                    ; 9.1                           ; --            ; --          ; --             ;
; IP_TOOL_VERSION                    ; 9.1                           ; --            ; --          ; --             ;
; IP_TOOL_VERSION                    ; 9.1                           ; --            ; --          ; --             ;
; IP_TOOL_VERSION                    ; 9.1                           ; --            ; --          ; --             ;
; IP_TOOL_VERSION                    ; 9.1                           ; --            ; --          ; --             ;
; IP_TOOL_VERSION                    ; 9.1                           ; --            ; --          ; --             ;
; IP_TOOL_VERSION                    ; 9.1                           ; --            ; --          ; --             ;
; IP_TOOL_VERSION                    ; 9.1                           ; --            ; --          ; --             ;
; IP_TOOL_VERSION                    ; 9.1                           ; --            ; --          ; --             ;
; IP_TOOL_VERSION                    ; 9.1                           ; --            ; --          ; --             ;
; IP_TOOL_VERSION                    ; 9.1                           ; --            ; --          ; --             ;
; IP_TOOL_VERSION                    ; 9.1                           ; --            ; --          ; --             ;
; IP_TOOL_VERSION                    ; 9.1                           ; --            ; --          ; --             ;
; IP_TOOL_VERSION                    ; 9.1                           ; --            ; --          ; --             ;
; IP_TOOL_VERSION                    ; 9.1                           ; --            ; --          ; --             ;
; IP_TOOL_VERSION                    ; 9.1                           ; --            ; --          ; --             ;
; IP_TOOL_VERSION                    ; 9.1                           ; --            ; --          ; --             ;
; IP_TOOL_VERSION                    ; 9.1                           ; --            ; --          ; --             ;
; IP_TOOL_VERSION                    ; 9.1                           ; --            ; --          ; --             ;
; MAX_CORE_JUNCTION_TEMP             ; 85                            ; --            ; --          ; --             ;
; MIN_CORE_JUNCTION_TEMP             ; 0                             ; --            ; --          ; --             ;
; MISC_FILE                          ; lpm_constant_B1.bsf           ; --            ; --          ; --             ;
; MISC_FILE                          ; lpm_constant_B1.cmp           ; --            ; --          ; --             ;
; MISC_FILE                          ; lpm_constant_B2.bsf           ; --            ; --          ; --             ;
; MISC_FILE                          ; lpm_constant_B2.cmp           ; --            ; --          ; --             ;
; MISC_FILE                          ; lpm_constant_B3.bsf           ; --            ; --          ; --             ;
; MISC_FILE                          ; lpm_constant_B3.cmp           ; --            ; --          ; --             ;
; MISC_FILE                          ; lpm_constant_B4.bsf           ; --            ; --          ; --             ;
; MISC_FILE                          ; lpm_constant_B4.cmp           ; --            ; --          ; --             ;
; MISC_FILE                          ; lpm_constant_B5.bsf           ; --            ; --          ; --             ;
; MISC_FILE                          ; lpm_constant_B5.cmp           ; --            ; --          ; --             ;
; MISC_FILE                          ; lpm_constant_B6.bsf           ; --            ; --          ; --             ;
; MISC_FILE                          ; lpm_constant_B6.cmp           ; --            ; --          ; --             ;
; MISC_FILE                          ; lpm_constant_B7.bsf           ; --            ; --          ; --             ;
; MISC_FILE                          ; lpm_constant_B7.cmp           ; --            ; --          ; --             ;
; MISC_FILE                          ; lpm_constant_B8.bsf           ; --            ; --          ; --             ;
; MISC_FILE                          ; lpm_constant_B8.cmp           ; --            ; --          ; --             ;
; MISC_FILE                          ; lpm_constant_B9.bsf           ; --            ; --          ; --             ;
; MISC_FILE                          ; lpm_constant_B9.cmp           ; --            ; --          ; --             ;
; MISC_FILE                          ; lpm_constant_A1.bsf           ; --            ; --          ; --             ;
; MISC_FILE                          ; lpm_constant_A1.cmp           ; --            ; --          ; --             ;
; MISC_FILE                          ; lpm_constant_A2.bsf           ; --            ; --          ; --             ;
; MISC_FILE                          ; lpm_constant_A2.cmp           ; --            ; --          ; --             ;
; MISC_FILE                          ; lpm_constant_A3.bsf           ; --            ; --          ; --             ;
; MISC_FILE                          ; lpm_constant_A3.cmp           ; --            ; --          ; --             ;
; MISC_FILE                          ; lpm_constant_A4.bsf           ; --            ; --          ; --             ;
; MISC_FILE                          ; lpm_constant_A4.cmp           ; --            ; --          ; --             ;
; MISC_FILE                          ; lpm_constant_A5.bsf           ; --            ; --          ; --             ;
; MISC_FILE                          ; lpm_constant_A5.cmp           ; --            ; --          ; --             ;
; MISC_FILE                          ; lpm_constant_A6.bsf           ; --            ; --          ; --             ;
; MISC_FILE                          ; lpm_constant_A6.cmp           ; --            ; --          ; --             ;
; MISC_FILE                          ; lpm_constant_A7.bsf           ; --            ; --          ; --             ;
; MISC_FILE                          ; lpm_constant_A7.cmp           ; --            ; --          ; --             ;
; MISC_FILE                          ; lpm_constant_A8.bsf           ; --            ; --          ; --             ;
; MISC_FILE                          ; lpm_constant_A8.cmp           ; --            ; --          ; --             ;
; MISC_FILE                          ; lpm_constant_A9.bsf           ; --            ; --          ; --             ;
; MISC_FILE                          ; lpm_constant_A9.cmp           ; --            ; --          ; --             ;
; MISC_FILE                          ; lpm_constant_I1.bsf           ; --            ; --          ; --             ;
; MISC_FILE                          ; lpm_constant_I1.cmp           ; --            ; --          ; --             ;
; MISC_FILE                          ; lpm_constant_I2.bsf           ; --            ; --          ; --             ;
; MISC_FILE                          ; lpm_constant_I2.cmp           ; --            ; --          ; --             ;
; MISC_FILE                          ; lpm_constant_I3.bsf           ; --            ; --          ; --             ;
; MISC_FILE                          ; lpm_constant_I3.cmp           ; --            ; --          ; --             ;
; MISC_FILE                          ; lpm_constant_I4.bsf           ; --            ; --          ; --             ;
; MISC_FILE                          ; lpm_constant_I4.cmp           ; --            ; --          ; --             ;
; MISC_FILE                          ; lpm_constant_I5.bsf           ; --            ; --          ; --             ;
; MISC_FILE                          ; lpm_constant_I5.cmp           ; --            ; --          ; --             ;
; MISC_FILE                          ; lpm_constant_I6.bsf           ; --            ; --          ; --             ;
; MISC_FILE                          ; lpm_constant_I6.cmp           ; --            ; --          ; --             ;
; MISC_FILE                          ; lpm_constant_I7.bsf           ; --            ; --          ; --             ;
; MISC_FILE                          ; lpm_constant_I7.cmp           ; --            ; --          ; --             ;
; MISC_FILE                          ; lpm_constant_I8.bsf           ; --            ; --          ; --             ;
; MISC_FILE                          ; lpm_constant_I8.cmp           ; --            ; --          ; --             ;
; MISC_FILE                          ; lpm_constant_I9.bsf           ; --            ; --          ; --             ;
; MISC_FILE                          ; lpm_constant_I9.cmp           ; --            ; --          ; --             ;
; PARTITION_COLOR                    ; 16764057                      ; --            ; --          ; Top            ;
; PARTITION_NETLIST_TYPE             ; SOURCE                        ; --            ; --          ; Top            ;
; USE_GENERATED_PHYSICAL_CONSTRAINTS ; Off                           ; --            ; --          ; eda_blast_fpga ;
+------------------------------------+-------------------------------+---------------+-------------+----------------+


+-----------------------------------------------------------------------------------------------------------------------------+
; Flow Elapsed Time                                                                                                           ;
+-------------------------+--------------+-------------------------+---------------------+------------------------------------+
; Module Name             ; Elapsed Time ; Average Processors Used ; Peak Virtual Memory ; Total CPU Time (on all processors) ;
+-------------------------+--------------+-------------------------+---------------------+------------------------------------+
; Analysis & Synthesis    ; 00:00:01     ; 1.0                     ; 251 MB              ; 00:00:02                           ;
; Fitter                  ; 00:00:03     ; 1.0                     ; 257 MB              ; 00:00:03                           ;
; Assembler               ; 00:00:01     ; 1.0                     ; 235 MB              ; 00:00:01                           ;
; Classic Timing Analyzer ; 00:00:00     ; 1.0                     ; 167 MB              ; 00:00:00                           ;
; Total                   ; 00:00:05     ; --                      ; --                  ; 00:00:06                           ;
+-------------------------+--------------+-------------------------+---------------------+------------------------------------+


+------------------------------------------------------------------------------------------+
; Flow OS Summary                                                                          ;
+-------------------------+------------------+---------------+------------+----------------+
; Module Name             ; Machine Hostname ; OS Name       ; OS Version ; Processor type ;
+-------------------------+------------------+---------------+------------+----------------+
; Analysis & Synthesis    ; Cx-201410111133  ; Windows Vista ; 6.2        ; x86_64         ;
; Fitter                  ; Cx-201410111133  ; Windows Vista ; 6.2        ; x86_64         ;
; Assembler               ; Cx-201410111133  ; Windows Vista ; 6.2        ; x86_64         ;
; Classic Timing Analyzer ; Cx-201410111133  ; Windows Vista ; 6.2        ; x86_64         ;
+-------------------------+------------------+---------------+------------+----------------+


------------
; Flow Log ;
------------
quartus_map --read_settings_files=on --write_settings_files=off CNN -c CNN
quartus_fit --read_settings_files=off --write_settings_files=off CNN -c CNN
quartus_asm --read_settings_files=off --write_settings_files=off CNN -c CNN
quartus_tan --read_settings_files=off --write_settings_files=off CNN -c CNN --timing_analysis_only



