Analysis & Synthesis report for CNN
Sun Jan 25 14:10:17 2015
Quartus II Version 9.1 Build 350 03/24/2010 Service Pack 2 SJ Web Edition


---------------------
; Table of Contents ;
---------------------
  1. Legal Notice
  2. Analysis & Synthesis Summary
  3. Analysis & Synthesis Settings
  4. Parallel Compilation
  5. Analysis & Synthesis Source Files Read
  6. Analysis & Synthesis Resource Usage Summary
  7. Analysis & Synthesis Resource Utilization by Entity
  8. General Register Statistics
  9. Parameter Settings for User Entity Instance: A_Template:inst1|lpm_constant_A1:A_1|lpm_constant:lpm_constant_component
 10. Parameter Settings for User Entity Instance: A_Template:inst1|lpm_constant_A2:A_2|lpm_constant:lpm_constant_component
 11. Parameter Settings for User Entity Instance: A_Template:inst1|lpm_constant_A3:A_3|lpm_constant:lpm_constant_component
 12. Parameter Settings for User Entity Instance: A_Template:inst1|lpm_constant_A4:A_4|lpm_constant:lpm_constant_component
 13. Parameter Settings for User Entity Instance: A_Template:inst1|lpm_constant_A5:A_5|lpm_constant:lpm_constant_component
 14. Parameter Settings for User Entity Instance: A_Template:inst1|lpm_constant_A6:A_6|lpm_constant:lpm_constant_component
 15. Parameter Settings for User Entity Instance: A_Template:inst1|lpm_constant_A7:A_7|lpm_constant:lpm_constant_component
 16. Parameter Settings for User Entity Instance: A_Template:inst1|lpm_constant_A8:A_8|lpm_constant:lpm_constant_component
 17. Parameter Settings for User Entity Instance: A_Template:inst1|lpm_constant_A9:A_9|lpm_constant:lpm_constant_component
 18. Parameter Settings for User Entity Instance: B_Template:inst2|lpm_constant_B1:B_1|lpm_constant:lpm_constant_component
 19. Parameter Settings for User Entity Instance: B_Template:inst2|lpm_constant_B2:B_2|lpm_constant:lpm_constant_component
 20. Parameter Settings for User Entity Instance: B_Template:inst2|lpm_constant_B3:B_3|lpm_constant:lpm_constant_component
 21. Parameter Settings for User Entity Instance: B_Template:inst2|lpm_constant_B4:B_4|lpm_constant:lpm_constant_component
 22. Parameter Settings for User Entity Instance: B_Template:inst2|lpm_constant_B5:B_5|lpm_constant:lpm_constant_component
 23. Parameter Settings for User Entity Instance: B_Template:inst2|lpm_constant_B6:B_6|lpm_constant:lpm_constant_component
 24. Parameter Settings for User Entity Instance: B_Template:inst2|lpm_constant_B7:B_7|lpm_constant:lpm_constant_component
 25. Parameter Settings for User Entity Instance: B_Template:inst2|lpm_constant_B8:B_8|lpm_constant:lpm_constant_component
 26. Parameter Settings for User Entity Instance: B_Template:inst2|lpm_constant_B9:B_9|lpm_constant:lpm_constant_component
 27. Parameter Settings for User Entity Instance: I_Template:inst12|lpm_constant_I1:I_1|lpm_constant:lpm_constant_component
 28. Parameter Settings for User Entity Instance: I_Template:inst12|lpm_constant_I2:I_2|lpm_constant:lpm_constant_component
 29. Parameter Settings for User Entity Instance: I_Template:inst12|lpm_constant_I3:I_3|lpm_constant:lpm_constant_component
 30. Parameter Settings for User Entity Instance: I_Template:inst12|lpm_constant_I4:I_4|lpm_constant:lpm_constant_component
 31. Parameter Settings for User Entity Instance: I_Template:inst12|lpm_constant_I5:I_5|lpm_constant:lpm_constant_component
 32. Parameter Settings for User Entity Instance: I_Template:inst12|lpm_constant_I6:I_6|lpm_constant:lpm_constant_component
 33. Parameter Settings for User Entity Instance: I_Template:inst12|lpm_constant_I7:I_7|lpm_constant:lpm_constant_component
 34. Parameter Settings for User Entity Instance: I_Template:inst12|lpm_constant_I8:I_8|lpm_constant:lpm_constant_component
 35. Parameter Settings for User Entity Instance: I_Template:inst12|lpm_constant_I9:I_9|lpm_constant:lpm_constant_component
 36. Analysis & Synthesis Messages



----------------
; Legal Notice ;
----------------
Copyright (C) 1991-2010 Altera Corporation
Your use of Altera Corporation's design tools, logic functions 
and other software and tools, and its AMPP partner logic 
functions, and any output files from any of the foregoing 
(including device programming or simulation files), and any 
associated documentation or information are expressly subject 
to the terms and conditions of the Altera Program License 
Subscription Agreement, Altera MegaCore Function License 
Agreement, or other applicable license agreement, including, 
without limitation, that your use is for the sole purpose of 
programming logic devices manufactured by Altera and sold by 
Altera or its authorized distributors.  Please refer to the 
applicable agreement for further details.



+-----------------------------------------------------------------------------------+
; Analysis & Synthesis Summary                                                      ;
+------------------------------------+----------------------------------------------+
; Analysis & Synthesis Status        ; Successful - Sun Jan 25 14:10:17 2015        ;
; Quartus II Version                 ; 9.1 Build 350 03/24/2010 SP 2 SJ Web Edition ;
; Revision Name                      ; CNN                                          ;
; Top-level Entity Name              ; CNN                                          ;
; Family                             ; Cyclone II                                   ;
; Total logic elements               ; 0                                            ;
;     Total combinational functions  ; 0                                            ;
;     Dedicated logic registers      ; 0                                            ;
; Total registers                    ; 0                                            ;
; Total pins                         ; 72                                           ;
; Total virtual pins                 ; 0                                            ;
; Total memory bits                  ; 0                                            ;
; Embedded Multiplier 9-bit elements ; 0                                            ;
; Total PLLs                         ; 0                                            ;
+------------------------------------+----------------------------------------------+


+----------------------------------------------------------------------------------------------------------------------+
; Analysis & Synthesis Settings                                                                                        ;
+----------------------------------------------------------------------------+--------------------+--------------------+
; Option                                                                     ; Setting            ; Default Value      ;
+----------------------------------------------------------------------------+--------------------+--------------------+
; Device                                                                     ; EP2C20F484C7       ;                    ;
; Top-level entity name                                                      ; CNN                ; CNN                ;
; Family name                                                                ; Cyclone II         ; Stratix II         ;
; Use Generated Physical Constraints File                                    ; Off                ;                    ;
; Use smart compilation                                                      ; Off                ; Off                ;
; Enable parallel Assembler and TimeQuest Timing Analyzer during compilation ; On                 ; On                 ;
; Enable compact report table                                                ; Off                ; Off                ;
; Restructure Multiplexers                                                   ; Auto               ; Auto               ;
; Create Debugging Nodes for IP Cores                                        ; Off                ; Off                ;
; Preserve fewer node names                                                  ; On                 ; On                 ;
; Disable OpenCore Plus hardware evaluation                                  ; Off                ; Off                ;
; Verilog Version                                                            ; Verilog_2001       ; Verilog_2001       ;
; VHDL Version                                                               ; VHDL_1993          ; VHDL_1993          ;
; State Machine Processing                                                   ; Auto               ; Auto               ;
; Safe State Machine                                                         ; Off                ; Off                ;
; Extract Verilog State Machines                                             ; On                 ; On                 ;
; Extract VHDL State Machines                                                ; On                 ; On                 ;
; Ignore Verilog initial constructs                                          ; Off                ; Off                ;
; Iteration limit for constant Verilog loops                                 ; 5000               ; 5000               ;
; Iteration limit for non-constant Verilog loops                             ; 250                ; 250                ;
; Add Pass-Through Logic to Inferred RAMs                                    ; On                 ; On                 ;
; Parallel Synthesis                                                         ; On                 ; On                 ;
; DSP Block Balancing                                                        ; Auto               ; Auto               ;
; NOT Gate Push-Back                                                         ; On                 ; On                 ;
; Power-Up Don't Care                                                        ; On                 ; On                 ;
; Remove Redundant Logic Cells                                               ; Off                ; Off                ;
; Remove Duplicate Registers                                                 ; On                 ; On                 ;
; Ignore CARRY Buffers                                                       ; Off                ; Off                ;
; Ignore CASCADE Buffers                                                     ; Off                ; Off                ;
; Ignore GLOBAL Buffers                                                      ; Off                ; Off                ;
; Ignore ROW GLOBAL Buffers                                                  ; Off                ; Off                ;
; Ignore LCELL Buffers                                                       ; Off                ; Off                ;
; Ignore SOFT Buffers                                                        ; On                 ; On                 ;
; Limit AHDL Integers to 32 Bits                                             ; Off                ; Off                ;
; Optimization Technique                                                     ; Balanced           ; Balanced           ;
; Carry Chain Length                                                         ; 70                 ; 70                 ;
; Auto Carry Chains                                                          ; On                 ; On                 ;
; Auto Open-Drain Pins                                                       ; On                 ; On                 ;
; Perform WYSIWYG Primitive Resynthesis                                      ; Off                ; Off                ;
; Auto ROM Replacement                                                       ; On                 ; On                 ;
; Auto RAM Replacement                                                       ; On                 ; On                 ;
; Auto Shift Register Replacement                                            ; Auto               ; Auto               ;
; Auto Clock Enable Replacement                                              ; On                 ; On                 ;
; Strict RAM Replacement                                                     ; Off                ; Off                ;
; Allow Synchronous Control Signals                                          ; On                 ; On                 ;
; Force Use of Synchronous Clear Signals                                     ; Off                ; Off                ;
; Auto RAM to Logic Cell Conversion                                          ; Off                ; Off                ;
; Auto Resource Sharing                                                      ; Off                ; Off                ;
; Allow Any RAM Size For Recognition                                         ; Off                ; Off                ;
; Allow Any ROM Size For Recognition                                         ; Off                ; Off                ;
; Allow Any Shift Register Size For Recognition                              ; Off                ; Off                ;
; Use LogicLock Constraints during Resource Balancing                        ; On                 ; On                 ;
; Ignore translate_off and synthesis_off directives                          ; Off                ; Off                ;
; Timing-Driven Synthesis                                                    ; Off                ; Off                ;
; Show Parameter Settings Tables in Synthesis Report                         ; On                 ; On                 ;
; Ignore Maximum Fan-Out Assignments                                         ; Off                ; Off                ;
; Synchronization Register Chain Length                                      ; 2                  ; 2                  ;
; PowerPlay Power Optimization                                               ; Normal compilation ; Normal compilation ;
; HDL message level                                                          ; Level2             ; Level2             ;
; Suppress Register Optimization Related Messages                            ; Off                ; Off                ;
; Number of Removed Registers Reported in Synthesis Report                   ; 5000               ; 5000               ;
; Number of Inverted Registers Reported in Synthesis Report                  ; 100                ; 100                ;
; Clock MUX Protection                                                       ; On                 ; On                 ;
; Auto Gated Clock Conversion                                                ; Off                ; Off                ;
; Block Design Naming                                                        ; Auto               ; Auto               ;
; SDC constraint protection                                                  ; Off                ; Off                ;
; Synthesis Effort                                                           ; Auto               ; Auto               ;
; Shift Register Replacement - Allow Asynchronous Clear Signal               ; On                 ; On                 ;
; Analysis & Synthesis Message Level                                         ; Medium             ; Medium             ;
; Disable Register Merging Across Hierarchies                                ; Auto               ; Auto               ;
; Resource Aware Inference For Block RAM                                     ; On                 ; On                 ;
+----------------------------------------------------------------------------+--------------------+--------------------+


Parallel compilation was disabled, but you have multiple processors available. Enable parallel compilation to reduce compilation time.
+-------------------------------------+
; Parallel Compilation                ;
+----------------------------+--------+
; Processors                 ; Number ;
+----------------------------+--------+
; Number detected on machine ; 4      ;
; Maximum allowed            ; 1      ;
+----------------------------+--------+


+--------------------------------------------------------------------------------------------------------------------------------------------------------------------------+
; Analysis & Synthesis Source Files Read                                                                                                                                   ;
+----------------------------------+-----------------+------------------------------------------+--------------------------------------------------------------------------+
; File Name with User-Entered Path ; Used in Netlist ; File Type                                ; File Name with Absolute Path                                             ;
+----------------------------------+-----------------+------------------------------------------+--------------------------------------------------------------------------+
; CNN.bdf                          ; yes             ; User Block Diagram/Schematic File        ; F:/工作/Academics/FPGA_CNN/Quartus/CNN.bdf                               ;
; adder3.vhd                       ; yes             ; User VHDL File                           ; F:/工作/Academics/FPGA_CNN/Quartus/adder3.vhd                            ;
; Naive_EQ1.bdf                    ; yes             ; User Block Diagram/Schematic File        ; F:/工作/Academics/FPGA_CNN/Quartus/Naive_EQ1.bdf                         ;
; addsub16bits.vhd                 ; yes             ; User VHDL File                           ; F:/工作/Academics/FPGA_CNN/Quartus/addsub16bits.vhd                      ;
; Naive_EQ2.bdf                    ; yes             ; User Block Diagram/Schematic File        ; F:/工作/Academics/FPGA_CNN/Quartus/Naive_EQ2.bdf                         ;
; addsub1.vhd                      ; yes             ; User VHDL File                           ; F:/工作/Academics/FPGA_CNN/Quartus/addsub1.vhd                           ;
; absolutor.vhd                    ; yes             ; User VHDL File                           ; F:/工作/Academics/FPGA_CNN/Quartus/absolutor.vhd                         ;
; divideby2.vhd                    ; yes             ; User VHDL File                           ; F:/工作/Academics/FPGA_CNN/Quartus/divideby2.vhd                         ;
; 3by3.bdf                         ; yes             ; User Block Diagram/Schematic File        ; F:/工作/Academics/FPGA_CNN/Quartus/3by3.bdf                              ;
; lpm_constant_B1.vhd              ; yes             ; User Wizard-Generated File               ; F:/工作/Academics/FPGA_CNN/Quartus/lpm_constant_B1.vhd                   ;
; lpm_constant_B2.vhd              ; yes             ; User Wizard-Generated File               ; F:/工作/Academics/FPGA_CNN/Quartus/lpm_constant_B2.vhd                   ;
; lpm_constant_B3.vhd              ; yes             ; User Wizard-Generated File               ; F:/工作/Academics/FPGA_CNN/Quartus/lpm_constant_B3.vhd                   ;
; lpm_constant_B4.vhd              ; yes             ; User Wizard-Generated File               ; F:/工作/Academics/FPGA_CNN/Quartus/lpm_constant_B4.vhd                   ;
; lpm_constant_B5.vhd              ; yes             ; User Wizard-Generated File               ; F:/工作/Academics/FPGA_CNN/Quartus/lpm_constant_B5.vhd                   ;
; lpm_constant_B6.vhd              ; yes             ; User Wizard-Generated File               ; F:/工作/Academics/FPGA_CNN/Quartus/lpm_constant_B6.vhd                   ;
; lpm_constant_B7.vhd              ; yes             ; User Wizard-Generated File               ; F:/工作/Academics/FPGA_CNN/Quartus/lpm_constant_B7.vhd                   ;
; lpm_constant_B8.vhd              ; yes             ; User Wizard-Generated File               ; F:/工作/Academics/FPGA_CNN/Quartus/lpm_constant_B8.vhd                   ;
; lpm_constant_B9.vhd              ; yes             ; User Wizard-Generated File               ; F:/工作/Academics/FPGA_CNN/Quartus/lpm_constant_B9.vhd                   ;
; B_Template.bdf                   ; yes             ; User Block Diagram/Schematic File        ; F:/工作/Academics/FPGA_CNN/Quartus/B_Template.bdf                        ;
; lpm_constant_A1.vhd              ; yes             ; User Wizard-Generated File               ; F:/工作/Academics/FPGA_CNN/Quartus/lpm_constant_A1.vhd                   ;
; lpm_constant_A2.vhd              ; yes             ; User Wizard-Generated File               ; F:/工作/Academics/FPGA_CNN/Quartus/lpm_constant_A2.vhd                   ;
; lpm_constant_A3.vhd              ; yes             ; User Wizard-Generated File               ; F:/工作/Academics/FPGA_CNN/Quartus/lpm_constant_A3.vhd                   ;
; lpm_constant_A4.vhd              ; yes             ; User Wizard-Generated File               ; F:/工作/Academics/FPGA_CNN/Quartus/lpm_constant_A4.vhd                   ;
; lpm_constant_A5.vhd              ; yes             ; User Wizard-Generated File               ; F:/工作/Academics/FPGA_CNN/Quartus/lpm_constant_A5.vhd                   ;
; lpm_constant_A6.vhd              ; yes             ; User Wizard-Generated File               ; F:/工作/Academics/FPGA_CNN/Quartus/lpm_constant_A6.vhd                   ;
; lpm_constant_A7.vhd              ; yes             ; User Wizard-Generated File               ; F:/工作/Academics/FPGA_CNN/Quartus/lpm_constant_A7.vhd                   ;
; lpm_constant_A8.vhd              ; yes             ; User Wizard-Generated File               ; F:/工作/Academics/FPGA_CNN/Quartus/lpm_constant_A8.vhd                   ;
; lpm_constant_A9.vhd              ; yes             ; User Wizard-Generated File               ; F:/工作/Academics/FPGA_CNN/Quartus/lpm_constant_A9.vhd                   ;
; lpm_constant_I1.vhd              ; yes             ; User Wizard-Generated File               ; F:/工作/Academics/FPGA_CNN/Quartus/lpm_constant_I1.vhd                   ;
; lpm_constant_I2.vhd              ; yes             ; User Wizard-Generated File               ; F:/工作/Academics/FPGA_CNN/Quartus/lpm_constant_I2.vhd                   ;
; lpm_constant_I3.vhd              ; yes             ; User Wizard-Generated File               ; F:/工作/Academics/FPGA_CNN/Quartus/lpm_constant_I3.vhd                   ;
; lpm_constant_I4.vhd              ; yes             ; User Wizard-Generated File               ; F:/工作/Academics/FPGA_CNN/Quartus/lpm_constant_I4.vhd                   ;
; lpm_constant_I5.vhd              ; yes             ; User Wizard-Generated File               ; F:/工作/Academics/FPGA_CNN/Quartus/lpm_constant_I5.vhd                   ;
; lpm_constant_I6.vhd              ; yes             ; User Wizard-Generated File               ; F:/工作/Academics/FPGA_CNN/Quartus/lpm_constant_I6.vhd                   ;
; lpm_constant_I7.vhd              ; yes             ; User Wizard-Generated File               ; F:/工作/Academics/FPGA_CNN/Quartus/lpm_constant_I7.vhd                   ;
; lpm_constant_I8.vhd              ; yes             ; User Wizard-Generated File               ; F:/工作/Academics/FPGA_CNN/Quartus/lpm_constant_I8.vhd                   ;
; lpm_constant_I9.vhd              ; yes             ; User Wizard-Generated File               ; F:/工作/Academics/FPGA_CNN/Quartus/lpm_constant_I9.vhd                   ;
; I_Template.bdf                   ; yes             ; User Block Diagram/Schematic File        ; F:/工作/Academics/FPGA_CNN/Quartus/I_Template.bdf                        ;
; adder.vhd                        ; yes             ; Auto-Found VHDL File                     ; F:/工作/Academics/FPGA_CNN/Quartus/adder.vhd                             ;
; signed_mult.vhd                  ; yes             ; Auto-Found VHDL File                     ; F:/工作/Academics/FPGA_CNN/Quartus/signed_mult.vhd                       ;
; a_template.bdf                   ; yes             ; Auto-Found Block Diagram/Schematic File  ; F:/工作/Academics/FPGA_CNN/Quartus/a_template.bdf                        ;
; lpm_constant.tdf                 ; yes             ; Megafunction                             ; f:/quartus/altera/91sp2/quartus/libraries/megafunctions/lpm_constant.tdf ;
+----------------------------------+-----------------+------------------------------------------+--------------------------------------------------------------------------+


+-----------------------------------------------------+
; Analysis & Synthesis Resource Usage Summary         ;
+---------------------------------------------+-------+
; Resource                                    ; Usage ;
+---------------------------------------------+-------+
;                                             ;       ;
; Total combinational functions               ; 0     ;
; Logic element usage by number of LUT inputs ;       ;
;     -- 4 input functions                    ; 0     ;
;     -- 3 input functions                    ; 0     ;
;     -- <=2 input functions                  ; 0     ;
;                                             ;       ;
; Logic elements by mode                      ;       ;
;     -- normal mode                          ; 0     ;
;     -- arithmetic mode                      ; 0     ;
;                                             ;       ;
; Total registers                             ; 0     ;
;     -- Dedicated logic registers            ; 0     ;
;     -- I/O registers                        ; 0     ;
;                                             ;       ;
; I/O pins                                    ; 72    ;
+---------------------------------------------+-------+


+-----------------------------------------------------------------------------------------------------------------------------------------------------------------------------+
; Analysis & Synthesis Resource Utilization by Entity                                                                                                                         ;
+----------------------------+-------------------+--------------+-------------+--------------+---------+-----------+------+--------------+---------------------+--------------+
; Compilation Hierarchy Node ; LC Combinationals ; LC Registers ; Memory Bits ; DSP Elements ; DSP 9x9 ; DSP 18x18 ; Pins ; Virtual Pins ; Full Hierarchy Name ; Library Name ;
+----------------------------+-------------------+--------------+-------------+--------------+---------+-----------+------+--------------+---------------------+--------------+
; |CNN                       ; 0 (0)             ; 0 (0)        ; 0           ; 0            ; 0       ; 0         ; 72   ; 0            ; |CNN                ; work         ;
+----------------------------+-------------------+--------------+-------------+--------------+---------+-----------+------+--------------+---------------------+--------------+
Note: For table entries with two numbers listed, the numbers in parentheses indicate the number of resources of the given type used by the specific entity alone. The numbers listed outside of parentheses indicate the total resources of the given type used by the specific entity and all of its sub-entities in the hierarchy.


+------------------------------------------------------+
; General Register Statistics                          ;
+----------------------------------------------+-------+
; Statistic                                    ; Value ;
+----------------------------------------------+-------+
; Total registers                              ; 0     ;
; Number of registers using Synchronous Clear  ; 0     ;
; Number of registers using Synchronous Load   ; 0     ;
; Number of registers using Asynchronous Clear ; 0     ;
; Number of registers using Asynchronous Load  ; 0     ;
; Number of registers using Clock Enable       ; 0     ;
; Number of registers using Preset             ; 0     ;
+----------------------------------------------+-------+


+-----------------------------------------------------------------------------------------------------------------------+
; Parameter Settings for User Entity Instance: A_Template:inst1|lpm_constant_A1:A_1|lpm_constant:lpm_constant_component ;
+--------------------+------------------+-------------------------------------------------------------------------------+
; Parameter Name     ; Value            ; Type                                                                          ;
+--------------------+------------------+-------------------------------------------------------------------------------+
; LPM_WIDTH          ; 8                ; Signed Integer                                                                ;
; LPM_CVALUE         ; 0                ; Signed Integer                                                                ;
; ENABLE_RUNTIME_MOD ; NO               ; Untyped                                                                       ;
; CBXI_PARAMETER     ; lpm_constant_qf6 ; Untyped                                                                       ;
+--------------------+------------------+-------------------------------------------------------------------------------+
Note: In order to hide this table in the UI and the text report file, please set the "Show Parameter Settings Tables in Synthesis Report" option in "Analysis and Synthesis Settings -> More Settings" to "Off".


+-----------------------------------------------------------------------------------------------------------------------+
; Parameter Settings for User Entity Instance: A_Template:inst1|lpm_constant_A2:A_2|lpm_constant:lpm_constant_component ;
+--------------------+------------------+-------------------------------------------------------------------------------+
; Parameter Name     ; Value            ; Type                                                                          ;
+--------------------+------------------+-------------------------------------------------------------------------------+
; LPM_WIDTH          ; 8                ; Signed Integer                                                                ;
; LPM_CVALUE         ; 0                ; Signed Integer                                                                ;
; ENABLE_RUNTIME_MOD ; NO               ; Untyped                                                                       ;
; CBXI_PARAMETER     ; lpm_constant_qf6 ; Untyped                                                                       ;
+--------------------+------------------+-------------------------------------------------------------------------------+
Note: In order to hide this table in the UI and the text report file, please set the "Show Parameter Settings Tables in Synthesis Report" option in "Analysis and Synthesis Settings -> More Settings" to "Off".


+-----------------------------------------------------------------------------------------------------------------------+
; Parameter Settings for User Entity Instance: A_Template:inst1|lpm_constant_A3:A_3|lpm_constant:lpm_constant_component ;
+--------------------+------------------+-------------------------------------------------------------------------------+
; Parameter Name     ; Value            ; Type                                                                          ;
+--------------------+------------------+-------------------------------------------------------------------------------+
; LPM_WIDTH          ; 8                ; Signed Integer                                                                ;
; LPM_CVALUE         ; 0                ; Signed Integer                                                                ;
; ENABLE_RUNTIME_MOD ; NO               ; Untyped                                                                       ;
; CBXI_PARAMETER     ; lpm_constant_qf6 ; Untyped                                                                       ;
+--------------------+------------------+-------------------------------------------------------------------------------+
Note: In order to hide this table in the UI and the text report file, please set the "Show Parameter Settings Tables in Synthesis Report" option in "Analysis and Synthesis Settings -> More Settings" to "Off".


+-----------------------------------------------------------------------------------------------------------------------+
; Parameter Settings for User Entity Instance: A_Template:inst1|lpm_constant_A4:A_4|lpm_constant:lpm_constant_component ;
+--------------------+------------------+-------------------------------------------------------------------------------+
; Parameter Name     ; Value            ; Type                                                                          ;
+--------------------+------------------+-------------------------------------------------------------------------------+
; LPM_WIDTH          ; 8                ; Signed Integer                                                                ;
; LPM_CVALUE         ; 0                ; Signed Integer                                                                ;
; ENABLE_RUNTIME_MOD ; NO               ; Untyped                                                                       ;
; CBXI_PARAMETER     ; lpm_constant_qf6 ; Untyped                                                                       ;
+--------------------+------------------+-------------------------------------------------------------------------------+
Note: In order to hide this table in the UI and the text report file, please set the "Show Parameter Settings Tables in Synthesis Report" option in "Analysis and Synthesis Settings -> More Settings" to "Off".


+-----------------------------------------------------------------------------------------------------------------------+
; Parameter Settings for User Entity Instance: A_Template:inst1|lpm_constant_A5:A_5|lpm_constant:lpm_constant_component ;
+--------------------+------------------+-------------------------------------------------------------------------------+
; Parameter Name     ; Value            ; Type                                                                          ;
+--------------------+------------------+-------------------------------------------------------------------------------+
; LPM_WIDTH          ; 8                ; Signed Integer                                                                ;
; LPM_CVALUE         ; 0                ; Signed Integer                                                                ;
; ENABLE_RUNTIME_MOD ; NO               ; Untyped                                                                       ;
; CBXI_PARAMETER     ; lpm_constant_qf6 ; Untyped                                                                       ;
+--------------------+------------------+-------------------------------------------------------------------------------+
Note: In order to hide this table in the UI and the text report file, please set the "Show Parameter Settings Tables in Synthesis Report" option in "Analysis and Synthesis Settings -> More Settings" to "Off".


+-----------------------------------------------------------------------------------------------------------------------+
; Parameter Settings for User Entity Instance: A_Template:inst1|lpm_constant_A6:A_6|lpm_constant:lpm_constant_component ;
+--------------------+------------------+-------------------------------------------------------------------------------+
; Parameter Name     ; Value            ; Type                                                                          ;
+--------------------+------------------+-------------------------------------------------------------------------------+
; LPM_WIDTH          ; 8                ; Signed Integer                                                                ;
; LPM_CVALUE         ; 0                ; Signed Integer                                                                ;
; ENABLE_RUNTIME_MOD ; NO               ; Untyped                                                                       ;
; CBXI_PARAMETER     ; lpm_constant_qf6 ; Untyped                                                                       ;
+--------------------+------------------+-------------------------------------------------------------------------------+
Note: In order to hide this table in the UI and the text report file, please set the "Show Parameter Settings Tables in Synthesis Report" option in "Analysis and Synthesis Settings -> More Settings" to "Off".


+-----------------------------------------------------------------------------------------------------------------------+
; Parameter Settings for User Entity Instance: A_Template:inst1|lpm_constant_A7:A_7|lpm_constant:lpm_constant_component ;
+--------------------+------------------+-------------------------------------------------------------------------------+
; Parameter Name     ; Value            ; Type                                                                          ;
+--------------------+------------------+-------------------------------------------------------------------------------+
; LPM_WIDTH          ; 8                ; Signed Integer                                                                ;
; LPM_CVALUE         ; 0                ; Signed Integer                                                                ;
; ENABLE_RUNTIME_MOD ; NO               ; Untyped                                                                       ;
; CBXI_PARAMETER     ; lpm_constant_qf6 ; Untyped                                                                       ;
+--------------------+------------------+-------------------------------------------------------------------------------+
Note: In order to hide this table in the UI and the text report file, please set the "Show Parameter Settings Tables in Synthesis Report" option in "Analysis and Synthesis Settings -> More Settings" to "Off".


+-----------------------------------------------------------------------------------------------------------------------+
; Parameter Settings for User Entity Instance: A_Template:inst1|lpm_constant_A8:A_8|lpm_constant:lpm_constant_component ;
+--------------------+------------------+-------------------------------------------------------------------------------+
; Parameter Name     ; Value            ; Type                                                                          ;
+--------------------+------------------+-------------------------------------------------------------------------------+
; LPM_WIDTH          ; 8                ; Signed Integer                                                                ;
; LPM_CVALUE         ; 0                ; Signed Integer                                                                ;
; ENABLE_RUNTIME_MOD ; NO               ; Untyped                                                                       ;
; CBXI_PARAMETER     ; lpm_constant_qf6 ; Untyped                                                                       ;
+--------------------+------------------+-------------------------------------------------------------------------------+
Note: In order to hide this table in the UI and the text report file, please set the "Show Parameter Settings Tables in Synthesis Report" option in "Analysis and Synthesis Settings -> More Settings" to "Off".


+-----------------------------------------------------------------------------------------------------------------------+
; Parameter Settings for User Entity Instance: A_Template:inst1|lpm_constant_A9:A_9|lpm_constant:lpm_constant_component ;
+--------------------+------------------+-------------------------------------------------------------------------------+
; Parameter Name     ; Value            ; Type                                                                          ;
+--------------------+------------------+-------------------------------------------------------------------------------+
; LPM_WIDTH          ; 8                ; Signed Integer                                                                ;
; LPM_CVALUE         ; 0                ; Signed Integer                                                                ;
; ENABLE_RUNTIME_MOD ; NO               ; Untyped                                                                       ;
; CBXI_PARAMETER     ; lpm_constant_qf6 ; Untyped                                                                       ;
+--------------------+------------------+-------------------------------------------------------------------------------+
Note: In order to hide this table in the UI and the text report file, please set the "Show Parameter Settings Tables in Synthesis Report" option in "Analysis and Synthesis Settings -> More Settings" to "Off".


+-----------------------------------------------------------------------------------------------------------------------+
; Parameter Settings for User Entity Instance: B_Template:inst2|lpm_constant_B1:B_1|lpm_constant:lpm_constant_component ;
+--------------------+------------------+-------------------------------------------------------------------------------+
; Parameter Name     ; Value            ; Type                                                                          ;
+--------------------+------------------+-------------------------------------------------------------------------------+
; LPM_WIDTH          ; 8                ; Signed Integer                                                                ;
; LPM_CVALUE         ; 0                ; Signed Integer                                                                ;
; ENABLE_RUNTIME_MOD ; NO               ; Untyped                                                                       ;
; CBXI_PARAMETER     ; lpm_constant_qf6 ; Untyped                                                                       ;
+--------------------+------------------+-------------------------------------------------------------------------------+
Note: In order to hide this table in the UI and the text report file, please set the "Show Parameter Settings Tables in Synthesis Report" option in "Analysis and Synthesis Settings -> More Settings" to "Off".


+-----------------------------------------------------------------------------------------------------------------------+
; Parameter Settings for User Entity Instance: B_Template:inst2|lpm_constant_B2:B_2|lpm_constant:lpm_constant_component ;
+--------------------+------------------+-------------------------------------------------------------------------------+
; Parameter Name     ; Value            ; Type                                                                          ;
+--------------------+------------------+-------------------------------------------------------------------------------+
; LPM_WIDTH          ; 8                ; Signed Integer                                                                ;
; LPM_CVALUE         ; 0                ; Signed Integer                                                                ;
; ENABLE_RUNTIME_MOD ; NO               ; Untyped                                                                       ;
; CBXI_PARAMETER     ; lpm_constant_qf6 ; Untyped                                                                       ;
+--------------------+------------------+-------------------------------------------------------------------------------+
Note: In order to hide this table in the UI and the text report file, please set the "Show Parameter Settings Tables in Synthesis Report" option in "Analysis and Synthesis Settings -> More Settings" to "Off".


+-----------------------------------------------------------------------------------------------------------------------+
; Parameter Settings for User Entity Instance: B_Template:inst2|lpm_constant_B3:B_3|lpm_constant:lpm_constant_component ;
+--------------------+------------------+-------------------------------------------------------------------------------+
; Parameter Name     ; Value            ; Type                                                                          ;
+--------------------+------------------+-------------------------------------------------------------------------------+
; LPM_WIDTH          ; 8                ; Signed Integer                                                                ;
; LPM_CVALUE         ; 0                ; Signed Integer                                                                ;
; ENABLE_RUNTIME_MOD ; NO               ; Untyped                                                                       ;
; CBXI_PARAMETER     ; lpm_constant_qf6 ; Untyped                                                                       ;
+--------------------+------------------+-------------------------------------------------------------------------------+
Note: In order to hide this table in the UI and the text report file, please set the "Show Parameter Settings Tables in Synthesis Report" option in "Analysis and Synthesis Settings -> More Settings" to "Off".


+-----------------------------------------------------------------------------------------------------------------------+
; Parameter Settings for User Entity Instance: B_Template:inst2|lpm_constant_B4:B_4|lpm_constant:lpm_constant_component ;
+--------------------+------------------+-------------------------------------------------------------------------------+
; Parameter Name     ; Value            ; Type                                                                          ;
+--------------------+------------------+-------------------------------------------------------------------------------+
; LPM_WIDTH          ; 8                ; Signed Integer                                                                ;
; LPM_CVALUE         ; 0                ; Signed Integer                                                                ;
; ENABLE_RUNTIME_MOD ; NO               ; Untyped                                                                       ;
; CBXI_PARAMETER     ; lpm_constant_qf6 ; Untyped                                                                       ;
+--------------------+------------------+-------------------------------------------------------------------------------+
Note: In order to hide this table in the UI and the text report file, please set the "Show Parameter Settings Tables in Synthesis Report" option in "Analysis and Synthesis Settings -> More Settings" to "Off".


+-----------------------------------------------------------------------------------------------------------------------+
; Parameter Settings for User Entity Instance: B_Template:inst2|lpm_constant_B5:B_5|lpm_constant:lpm_constant_component ;
+--------------------+------------------+-------------------------------------------------------------------------------+
; Parameter Name     ; Value            ; Type                                                                          ;
+--------------------+------------------+-------------------------------------------------------------------------------+
; LPM_WIDTH          ; 8                ; Signed Integer                                                                ;
; LPM_CVALUE         ; 0                ; Signed Integer                                                                ;
; ENABLE_RUNTIME_MOD ; NO               ; Untyped                                                                       ;
; CBXI_PARAMETER     ; lpm_constant_qf6 ; Untyped                                                                       ;
+--------------------+------------------+-------------------------------------------------------------------------------+
Note: In order to hide this table in the UI and the text report file, please set the "Show Parameter Settings Tables in Synthesis Report" option in "Analysis and Synthesis Settings -> More Settings" to "Off".


+-----------------------------------------------------------------------------------------------------------------------+
; Parameter Settings for User Entity Instance: B_Template:inst2|lpm_constant_B6:B_6|lpm_constant:lpm_constant_component ;
+--------------------+------------------+-------------------------------------------------------------------------------+
; Parameter Name     ; Value            ; Type                                                                          ;
+--------------------+------------------+-------------------------------------------------------------------------------+
; LPM_WIDTH          ; 8                ; Signed Integer                                                                ;
; LPM_CVALUE         ; 0                ; Signed Integer                                                                ;
; ENABLE_RUNTIME_MOD ; NO               ; Untyped                                                                       ;
; CBXI_PARAMETER     ; lpm_constant_qf6 ; Untyped                                                                       ;
+--------------------+------------------+-------------------------------------------------------------------------------+
Note: In order to hide this table in the UI and the text report file, please set the "Show Parameter Settings Tables in Synthesis Report" option in "Analysis and Synthesis Settings -> More Settings" to "Off".


+-----------------------------------------------------------------------------------------------------------------------+
; Parameter Settings for User Entity Instance: B_Template:inst2|lpm_constant_B7:B_7|lpm_constant:lpm_constant_component ;
+--------------------+------------------+-------------------------------------------------------------------------------+
; Parameter Name     ; Value            ; Type                                                                          ;
+--------------------+------------------+-------------------------------------------------------------------------------+
; LPM_WIDTH          ; 8                ; Signed Integer                                                                ;
; LPM_CVALUE         ; 0                ; Signed Integer                                                                ;
; ENABLE_RUNTIME_MOD ; NO               ; Untyped                                                                       ;
; CBXI_PARAMETER     ; lpm_constant_qf6 ; Untyped                                                                       ;
+--------------------+------------------+-------------------------------------------------------------------------------+
Note: In order to hide this table in the UI and the text report file, please set the "Show Parameter Settings Tables in Synthesis Report" option in "Analysis and Synthesis Settings -> More Settings" to "Off".


+-----------------------------------------------------------------------------------------------------------------------+
; Parameter Settings for User Entity Instance: B_Template:inst2|lpm_constant_B8:B_8|lpm_constant:lpm_constant_component ;
+--------------------+------------------+-------------------------------------------------------------------------------+
; Parameter Name     ; Value            ; Type                                                                          ;
+--------------------+------------------+-------------------------------------------------------------------------------+
; LPM_WIDTH          ; 8                ; Signed Integer                                                                ;
; LPM_CVALUE         ; 0                ; Signed Integer                                                                ;
; ENABLE_RUNTIME_MOD ; NO               ; Untyped                                                                       ;
; CBXI_PARAMETER     ; lpm_constant_qf6 ; Untyped                                                                       ;
+--------------------+------------------+-------------------------------------------------------------------------------+
Note: In order to hide this table in the UI and the text report file, please set the "Show Parameter Settings Tables in Synthesis Report" option in "Analysis and Synthesis Settings -> More Settings" to "Off".


+-----------------------------------------------------------------------------------------------------------------------+
; Parameter Settings for User Entity Instance: B_Template:inst2|lpm_constant_B9:B_9|lpm_constant:lpm_constant_component ;
+--------------------+------------------+-------------------------------------------------------------------------------+
; Parameter Name     ; Value            ; Type                                                                          ;
+--------------------+------------------+-------------------------------------------------------------------------------+
; LPM_WIDTH          ; 8                ; Signed Integer                                                                ;
; LPM_CVALUE         ; 0                ; Signed Integer                                                                ;
; ENABLE_RUNTIME_MOD ; NO               ; Untyped                                                                       ;
; CBXI_PARAMETER     ; lpm_constant_qf6 ; Untyped                                                                       ;
+--------------------+------------------+-------------------------------------------------------------------------------+
Note: In order to hide this table in the UI and the text report file, please set the "Show Parameter Settings Tables in Synthesis Report" option in "Analysis and Synthesis Settings -> More Settings" to "Off".


+------------------------------------------------------------------------------------------------------------------------+
; Parameter Settings for User Entity Instance: I_Template:inst12|lpm_constant_I1:I_1|lpm_constant:lpm_constant_component ;
+--------------------+------------------+--------------------------------------------------------------------------------+
; Parameter Name     ; Value            ; Type                                                                           ;
+--------------------+------------------+--------------------------------------------------------------------------------+
; LPM_WIDTH          ; 8                ; Signed Integer                                                                 ;
; LPM_CVALUE         ; 0                ; Signed Integer                                                                 ;
; ENABLE_RUNTIME_MOD ; NO               ; Untyped                                                                        ;
; CBXI_PARAMETER     ; lpm_constant_qf6 ; Untyped                                                                        ;
+--------------------+------------------+--------------------------------------------------------------------------------+
Note: In order to hide this table in the UI and the text report file, please set the "Show Parameter Settings Tables in Synthesis Report" option in "Analysis and Synthesis Settings -> More Settings" to "Off".


+------------------------------------------------------------------------------------------------------------------------+
; Parameter Settings for User Entity Instance: I_Template:inst12|lpm_constant_I2:I_2|lpm_constant:lpm_constant_component ;
+--------------------+------------------+--------------------------------------------------------------------------------+
; Parameter Name     ; Value            ; Type                                                                           ;
+--------------------+------------------+--------------------------------------------------------------------------------+
; LPM_WIDTH          ; 8                ; Signed Integer                                                                 ;
; LPM_CVALUE         ; 0                ; Signed Integer                                                                 ;
; ENABLE_RUNTIME_MOD ; NO               ; Untyped                                                                        ;
; CBXI_PARAMETER     ; lpm_constant_qf6 ; Untyped                                                                        ;
+--------------------+------------------+--------------------------------------------------------------------------------+
Note: In order to hide this table in the UI and the text report file, please set the "Show Parameter Settings Tables in Synthesis Report" option in "Analysis and Synthesis Settings -> More Settings" to "Off".


+------------------------------------------------------------------------------------------------------------------------+
; Parameter Settings for User Entity Instance: I_Template:inst12|lpm_constant_I3:I_3|lpm_constant:lpm_constant_component ;
+--------------------+------------------+--------------------------------------------------------------------------------+
; Parameter Name     ; Value            ; Type                                                                           ;
+--------------------+------------------+--------------------------------------------------------------------------------+
; LPM_WIDTH          ; 8                ; Signed Integer                                                                 ;
; LPM_CVALUE         ; 0                ; Signed Integer                                                                 ;
; ENABLE_RUNTIME_MOD ; NO               ; Untyped                                                                        ;
; CBXI_PARAMETER     ; lpm_constant_qf6 ; Untyped                                                                        ;
+--------------------+------------------+--------------------------------------------------------------------------------+
Note: In order to hide this table in the UI and the text report file, please set the "Show Parameter Settings Tables in Synthesis Report" option in "Analysis and Synthesis Settings -> More Settings" to "Off".


+------------------------------------------------------------------------------------------------------------------------+
; Parameter Settings for User Entity Instance: I_Template:inst12|lpm_constant_I4:I_4|lpm_constant:lpm_constant_component ;
+--------------------+------------------+--------------------------------------------------------------------------------+
; Parameter Name     ; Value            ; Type                                                                           ;
+--------------------+------------------+--------------------------------------------------------------------------------+
; LPM_WIDTH          ; 8                ; Signed Integer                                                                 ;
; LPM_CVALUE         ; 0                ; Signed Integer                                                                 ;
; ENABLE_RUNTIME_MOD ; NO               ; Untyped                                                                        ;
; CBXI_PARAMETER     ; lpm_constant_qf6 ; Untyped                                                                        ;
+--------------------+------------------+--------------------------------------------------------------------------------+
Note: In order to hide this table in the UI and the text report file, please set the "Show Parameter Settings Tables in Synthesis Report" option in "Analysis and Synthesis Settings -> More Settings" to "Off".


+------------------------------------------------------------------------------------------------------------------------+
; Parameter Settings for User Entity Instance: I_Template:inst12|lpm_constant_I5:I_5|lpm_constant:lpm_constant_component ;
+--------------------+------------------+--------------------------------------------------------------------------------+
; Parameter Name     ; Value            ; Type                                                                           ;
+--------------------+------------------+--------------------------------------------------------------------------------+
; LPM_WIDTH          ; 8                ; Signed Integer                                                                 ;
; LPM_CVALUE         ; 0                ; Signed Integer                                                                 ;
; ENABLE_RUNTIME_MOD ; NO               ; Untyped                                                                        ;
; CBXI_PARAMETER     ; lpm_constant_qf6 ; Untyped                                                                        ;
+--------------------+------------------+--------------------------------------------------------------------------------+
Note: In order to hide this table in the UI and the text report file, please set the "Show Parameter Settings Tables in Synthesis Report" option in "Analysis and Synthesis Settings -> More Settings" to "Off".


+------------------------------------------------------------------------------------------------------------------------+
; Parameter Settings for User Entity Instance: I_Template:inst12|lpm_constant_I6:I_6|lpm_constant:lpm_constant_component ;
+--------------------+------------------+--------------------------------------------------------------------------------+
; Parameter Name     ; Value            ; Type                                                                           ;
+--------------------+------------------+--------------------------------------------------------------------------------+
; LPM_WIDTH          ; 8                ; Signed Integer                                                                 ;
; LPM_CVALUE         ; 0                ; Signed Integer                                                                 ;
; ENABLE_RUNTIME_MOD ; NO               ; Untyped                                                                        ;
; CBXI_PARAMETER     ; lpm_constant_qf6 ; Untyped                                                                        ;
+--------------------+------------------+--------------------------------------------------------------------------------+
Note: In order to hide this table in the UI and the text report file, please set the "Show Parameter Settings Tables in Synthesis Report" option in "Analysis and Synthesis Settings -> More Settings" to "Off".


+------------------------------------------------------------------------------------------------------------------------+
; Parameter Settings for User Entity Instance: I_Template:inst12|lpm_constant_I7:I_7|lpm_constant:lpm_constant_component ;
+--------------------+------------------+--------------------------------------------------------------------------------+
; Parameter Name     ; Value            ; Type                                                                           ;
+--------------------+------------------+--------------------------------------------------------------------------------+
; LPM_WIDTH          ; 8                ; Signed Integer                                                                 ;
; LPM_CVALUE         ; 0                ; Signed Integer                                                                 ;
; ENABLE_RUNTIME_MOD ; NO               ; Untyped                                                                        ;
; CBXI_PARAMETER     ; lpm_constant_qf6 ; Untyped                                                                        ;
+--------------------+------------------+--------------------------------------------------------------------------------+
Note: In order to hide this table in the UI and the text report file, please set the "Show Parameter Settings Tables in Synthesis Report" option in "Analysis and Synthesis Settings -> More Settings" to "Off".


+------------------------------------------------------------------------------------------------------------------------+
; Parameter Settings for User Entity Instance: I_Template:inst12|lpm_constant_I8:I_8|lpm_constant:lpm_constant_component ;
+--------------------+------------------+--------------------------------------------------------------------------------+
; Parameter Name     ; Value            ; Type                                                                           ;
+--------------------+------------------+--------------------------------------------------------------------------------+
; LPM_WIDTH          ; 8                ; Signed Integer                                                                 ;
; LPM_CVALUE         ; 0                ; Signed Integer                                                                 ;
; ENABLE_RUNTIME_MOD ; NO               ; Untyped                                                                        ;
; CBXI_PARAMETER     ; lpm_constant_qf6 ; Untyped                                                                        ;
+--------------------+------------------+--------------------------------------------------------------------------------+
Note: In order to hide this table in the UI and the text report file, please set the "Show Parameter Settings Tables in Synthesis Report" option in "Analysis and Synthesis Settings -> More Settings" to "Off".


+------------------------------------------------------------------------------------------------------------------------+
; Parameter Settings for User Entity Instance: I_Template:inst12|lpm_constant_I9:I_9|lpm_constant:lpm_constant_component ;
+--------------------+------------------+--------------------------------------------------------------------------------+
; Parameter Name     ; Value            ; Type                                                                           ;
+--------------------+------------------+--------------------------------------------------------------------------------+
; LPM_WIDTH          ; 8                ; Signed Integer                                                                 ;
; LPM_CVALUE         ; 0                ; Signed Integer                                                                 ;
; ENABLE_RUNTIME_MOD ; NO               ; Untyped                                                                        ;
; CBXI_PARAMETER     ; lpm_constant_qf6 ; Untyped                                                                        ;
+--------------------+------------------+--------------------------------------------------------------------------------+
Note: In order to hide this table in the UI and the text report file, please set the "Show Parameter Settings Tables in Synthesis Report" option in "Analysis and Synthesis Settings -> More Settings" to "Off".


+-------------------------------+
; Analysis & Synthesis Messages ;
+-------------------------------+
Info: *******************************************************************
Info: Running Quartus II Analysis & Synthesis
    Info: Version 9.1 Build 350 03/24/2010 Service Pack 2 SJ Web Edition
    Info: Processing started: Sun Jan 25 14:10:15 2015
Info: Command: quartus_map --read_settings_files=on --write_settings_files=off CNN -c CNN
Warning: Tcl Script File lpm_constant0.qip not found
    Info: set_global_assignment -name QIP_FILE lpm_constant0.qip
Warning: Tcl Script File lpm_constant1.qip not found
    Info: set_global_assignment -name QIP_FILE lpm_constant1.qip
Warning: Tcl Script File lpm_constant2.qip not found
    Info: set_global_assignment -name QIP_FILE lpm_constant2.qip
Warning: Tcl Script File lpm_constant3.qip not found
    Info: set_global_assignment -name QIP_FILE lpm_constant3.qip
Warning: Tcl Script File lpm_constant4.qip not found
    Info: set_global_assignment -name QIP_FILE lpm_constant4.qip
Warning: Tcl Script File lpm_constant5.qip not found
    Info: set_global_assignment -name QIP_FILE lpm_constant5.qip
Warning: Tcl Script File lpm_constant6.qip not found
    Info: set_global_assignment -name QIP_FILE lpm_constant6.qip
Warning: Tcl Script File lpm_constant7.qip not found
    Info: set_global_assignment -name QIP_FILE lpm_constant7.qip
Warning: Tcl Script File lpm_constant8.qip not found
    Info: set_global_assignment -name QIP_FILE lpm_constant8.qip
Warning: Tcl Script File lpm_constant9.qip not found
    Info: set_global_assignment -name QIP_FILE lpm_constant9.qip
Warning: Tcl Script File lpm_constant10.qip not found
    Info: set_global_assignment -name QIP_FILE lpm_constant10.qip
Warning: Can't analyze file -- file ../adder9.vhd is missing
Info: Found 1 design units, including 1 entities, in source file cnn.bdf
    Info: Found entity 1: CNN
Info: Found 3 design units, including 1 entities, in source file adder3.vhd
    Info: Found design unit 1: b_package
    Info: Found design unit 2: adder3-rtl
    Info: Found entity 1: adder3
Info: Found 1 design units, including 1 entities, in source file naive_eq1.bdf
    Info: Found entity 1: Naive_EQ1
Info: Found 3 design units, including 1 entities, in source file addsub16bits.vhd
    Info: Found design unit 1: me_package
    Info: Found design unit 2: addsub16bits-rtl
    Info: Found entity 1: addsub16bits
Info: Found 1 design units, including 1 entities, in source file naive_eq2.bdf
    Info: Found entity 1: Naive_EQ2
Info: Found 3 design units, including 1 entities, in source file addsub1.vhd
    Info: Found design unit 1: a_package
    Info: Found design unit 2: addsub1-rtl
    Info: Found entity 1: addsub1
Info: Found 2 design units, including 1 entities, in source file absolutor.vhd
    Info: Found design unit 1: absolutor-rtl
    Info: Found entity 1: absolutor
Info: Found 2 design units, including 1 entities, in source file divideby2.vhd
    Info: Found design unit 1: divideby2-rtl
    Info: Found entity 1: divideby2
Info: Found 1 design units, including 1 entities, in source file 3by3.bdf
    Info: Found entity 1: 3by3
Info: Found 2 design units, including 1 entities, in source file lpm_constant_b1.vhd
    Info: Found design unit 1: lpm_constant_b1-SYN
    Info: Found entity 1: lpm_constant_B1
Info: Found 2 design units, including 1 entities, in source file lpm_constant_b2.vhd
    Info: Found design unit 1: lpm_constant_b2-SYN
    Info: Found entity 1: lpm_constant_B2
Info: Found 2 design units, including 1 entities, in source file lpm_constant_b3.vhd
    Info: Found design unit 1: lpm_constant_b3-SYN
    Info: Found entity 1: lpm_constant_B3
Info: Found 2 design units, including 1 entities, in source file lpm_constant_b4.vhd
    Info: Found design unit 1: lpm_constant_b4-SYN
    Info: Found entity 1: lpm_constant_B4
Info: Found 2 design units, including 1 entities, in source file lpm_constant_b5.vhd
    Info: Found design unit 1: lpm_constant_b5-SYN
    Info: Found entity 1: lpm_constant_B5
Info: Found 2 design units, including 1 entities, in source file lpm_constant_b6.vhd
    Info: Found design unit 1: lpm_constant_b6-SYN
    Info: Found entity 1: lpm_constant_B6
Info: Found 2 design units, including 1 entities, in source file lpm_constant_b7.vhd
    Info: Found design unit 1: lpm_constant_b7-SYN
    Info: Found entity 1: lpm_constant_B7
Info: Found 2 design units, including 1 entities, in source file lpm_constant_b8.vhd
    Info: Found design unit 1: lpm_constant_b8-SYN
    Info: Found entity 1: lpm_constant_B8
Info: Found 2 design units, including 1 entities, in source file lpm_constant_b9.vhd
    Info: Found design unit 1: lpm_constant_b9-SYN
    Info: Found entity 1: lpm_constant_B9
Info: Found 1 design units, including 1 entities, in source file b_template.bdf
    Info: Found entity 1: B_Template
Info: Found 2 design units, including 1 entities, in source file lpm_constant_a1.vhd
    Info: Found design unit 1: lpm_constant_a1-SYN
    Info: Found entity 1: lpm_constant_A1
Info: Found 2 design units, including 1 entities, in source file lpm_constant_a2.vhd
    Info: Found design unit 1: lpm_constant_a2-SYN
    Info: Found entity 1: lpm_constant_A2
Info: Found 2 design units, including 1 entities, in source file lpm_constant_a3.vhd
    Info: Found design unit 1: lpm_constant_a3-SYN
    Info: Found entity 1: lpm_constant_A3
Info: Found 2 design units, including 1 entities, in source file lpm_constant_a4.vhd
    Info: Found design unit 1: lpm_constant_a4-SYN
    Info: Found entity 1: lpm_constant_A4
Info: Found 2 design units, including 1 entities, in source file lpm_constant_a5.vhd
    Info: Found design unit 1: lpm_constant_a5-SYN
    Info: Found entity 1: lpm_constant_A5
Info: Found 2 design units, including 1 entities, in source file lpm_constant_a6.vhd
    Info: Found design unit 1: lpm_constant_a6-SYN
    Info: Found entity 1: lpm_constant_A6
Info: Found 2 design units, including 1 entities, in source file lpm_constant_a7.vhd
    Info: Found design unit 1: lpm_constant_a7-SYN
    Info: Found entity 1: lpm_constant_A7
Info: Found 2 design units, including 1 entities, in source file lpm_constant_a8.vhd
    Info: Found design unit 1: lpm_constant_a8-SYN
    Info: Found entity 1: lpm_constant_A8
Info: Found 2 design units, including 1 entities, in source file lpm_constant_a9.vhd
    Info: Found design unit 1: lpm_constant_a9-SYN
    Info: Found entity 1: lpm_constant_A9
Info: Found 2 design units, including 1 entities, in source file lpm_constant_i1.vhd
    Info: Found design unit 1: lpm_constant_i1-SYN
    Info: Found entity 1: lpm_constant_I1
Info: Found 2 design units, including 1 entities, in source file lpm_constant_i2.vhd
    Info: Found design unit 1: lpm_constant_i2-SYN
    Info: Found entity 1: lpm_constant_I2
Info: Found 2 design units, including 1 entities, in source file lpm_constant_i3.vhd
    Info: Found design unit 1: lpm_constant_i3-SYN
    Info: Found entity 1: lpm_constant_I3
Info: Found 2 design units, including 1 entities, in source file lpm_constant_i4.vhd
    Info: Found design unit 1: lpm_constant_i4-SYN
    Info: Found entity 1: lpm_constant_I4
Info: Found 2 design units, including 1 entities, in source file lpm_constant_i5.vhd
    Info: Found design unit 1: lpm_constant_i5-SYN
    Info: Found entity 1: lpm_constant_I5
Info: Found 2 design units, including 1 entities, in source file lpm_constant_i6.vhd
    Info: Found design unit 1: lpm_constant_i6-SYN
    Info: Found entity 1: lpm_constant_I6
Info: Found 2 design units, including 1 entities, in source file lpm_constant_i7.vhd
    Info: Found design unit 1: lpm_constant_i7-SYN
    Info: Found entity 1: lpm_constant_I7
Info: Found 2 design units, including 1 entities, in source file lpm_constant_i8.vhd
    Info: Found design unit 1: lpm_constant_i8-SYN
    Info: Found entity 1: lpm_constant_I8
Info: Found 2 design units, including 1 entities, in source file lpm_constant_i9.vhd
    Info: Found design unit 1: lpm_constant_i9-SYN
    Info: Found entity 1: lpm_constant_I9
Info: Found 1 design units, including 1 entities, in source file i_template.bdf
    Info: Found entity 1: I_Template
Info: Found 1 design units, including 1 entities, in source file 3by3cnn.bdf
    Info: Found entity 1: 3by3CNN
Info: Elaborating entity "CNN" for the top level hierarchy
Info: Elaborating entity "3by3" for hierarchy "3by3:inst"
Info: Elaborating entity "Naive_EQ2" for hierarchy "3by3:inst|Naive_EQ2:inst10"
Info: Elaborating entity "divideby2" for hierarchy "3by3:inst|Naive_EQ2:inst10|divideby2:inst10"
Info: Elaborating entity "addsub16bits" for hierarchy "3by3:inst|Naive_EQ2:inst10|addsub16bits:inst6"
Info: Elaborating entity "absolutor" for hierarchy "3by3:inst|Naive_EQ2:inst10|absolutor:inst4"
Info: Elaborating entity "addsub1" for hierarchy "3by3:inst|Naive_EQ2:inst10|addsub1:inst"
Info: Elaborating entity "Naive_EQ1" for hierarchy "3by3:inst|Naive_EQ1:Naive9"
Info: Elaborating entity "adder3" for hierarchy "3by3:inst|Naive_EQ1:Naive9|adder3:inst1"
Warning: Using design file adder.vhd, which is not specified as a design file for the current project, but contains definitions for 3 design units and 1 entities in project
    Info: Found design unit 1: my_package
    Info: Found design unit 2: adder-rtl
    Info: Found entity 1: adder
Info: Elaborating entity "adder" for hierarchy "3by3:inst|Naive_EQ1:Naive9|adder:inst"
Warning: Using design file signed_mult.vhd, which is not specified as a design file for the current project, but contains definitions for 2 design units and 1 entities in project
    Info: Found design unit 1: signed_mult-rtl
    Info: Found entity 1: signed_mult
Info: Elaborating entity "signed_mult" for hierarchy "3by3:inst|Naive_EQ1:Naive9|signed_mult:MAC-A1"
Warning: Using design file a_template.bdf, which is not specified as a design file for the current project, but contains definitions for 1 design units and 1 entities in project
    Info: Found entity 1: a_template
Info: Elaborating entity "A_Template" for hierarchy "A_Template:inst1"
Info: Elaborating entity "lpm_constant_A1" for hierarchy "A_Template:inst1|lpm_constant_A1:A_1"
Info: Elaborating entity "lpm_constant" for hierarchy "A_Template:inst1|lpm_constant_A1:A_1|lpm_constant:lpm_constant_component"
Info: Elaborated megafunction instantiation "A_Template:inst1|lpm_constant_A1:A_1|lpm_constant:lpm_constant_component"
Info: Instantiated megafunction "A_Template:inst1|lpm_constant_A1:A_1|lpm_constant:lpm_constant_component" with the following parameter:
    Info: Parameter "lpm_cvalue" = "0"
    Info: Parameter "lpm_hint" = "ENABLE_RUNTIME_MOD=NO"
    Info: Parameter "lpm_type" = "LPM_CONSTANT"
    Info: Parameter "lpm_width" = "8"
Info: Elaborating entity "lpm_constant_A2" for hierarchy "A_Template:inst1|lpm_constant_A2:A_2"
Info: Elaborating entity "lpm_constant_A3" for hierarchy "A_Template:inst1|lpm_constant_A3:A_3"
Info: Elaborating entity "lpm_constant_A4" for hierarchy "A_Template:inst1|lpm_constant_A4:A_4"
Info: Elaborating entity "lpm_constant_A5" for hierarchy "A_Template:inst1|lpm_constant_A5:A_5"
Info: Elaborating entity "lpm_constant_A6" for hierarchy "A_Template:inst1|lpm_constant_A6:A_6"
Info: Elaborating entity "lpm_constant_A7" for hierarchy "A_Template:inst1|lpm_constant_A7:A_7"
Info: Elaborating entity "lpm_constant_A8" for hierarchy "A_Template:inst1|lpm_constant_A8:A_8"
Info: Elaborating entity "lpm_constant_A9" for hierarchy "A_Template:inst1|lpm_constant_A9:A_9"
Info: Elaborating entity "B_Template" for hierarchy "B_Template:inst2"
Info: Elaborating entity "lpm_constant_B1" for hierarchy "B_Template:inst2|lpm_constant_B1:B_1"
Info: Elaborating entity "lpm_constant_B2" for hierarchy "B_Template:inst2|lpm_constant_B2:B_2"
Info: Elaborating entity "lpm_constant_B3" for hierarchy "B_Template:inst2|lpm_constant_B3:B_3"
Info: Elaborating entity "lpm_constant_B4" for hierarchy "B_Template:inst2|lpm_constant_B4:B_4"
Info: Elaborating entity "lpm_constant_B5" for hierarchy "B_Template:inst2|lpm_constant_B5:B_5"
Info: Elaborating entity "lpm_constant_B6" for hierarchy "B_Template:inst2|lpm_constant_B6:B_6"
Info: Elaborating entity "lpm_constant_B7" for hierarchy "B_Template:inst2|lpm_constant_B7:B_7"
Info: Elaborating entity "lpm_constant_B8" for hierarchy "B_Template:inst2|lpm_constant_B8:B_8"
Info: Elaborating entity "lpm_constant_B9" for hierarchy "B_Template:inst2|lpm_constant_B9:B_9"
Info: Elaborating entity "I_Template" for hierarchy "I_Template:inst12"
Info: Elaborating entity "lpm_constant_I1" for hierarchy "I_Template:inst12|lpm_constant_I1:I_1"
Info: Elaborating entity "lpm_constant_I2" for hierarchy "I_Template:inst12|lpm_constant_I2:I_2"
Info: Elaborating entity "lpm_constant_I3" for hierarchy "I_Template:inst12|lpm_constant_I3:I_3"
Info: Elaborating entity "lpm_constant_I4" for hierarchy "I_Template:inst12|lpm_constant_I4:I_4"
Info: Elaborating entity "lpm_constant_I5" for hierarchy "I_Template:inst12|lpm_constant_I5:I_5"
Info: Elaborating entity "lpm_constant_I6" for hierarchy "I_Template:inst12|lpm_constant_I6:I_6"
Info: Elaborating entity "lpm_constant_I7" for hierarchy "I_Template:inst12|lpm_constant_I7:I_7"
Info: Elaborating entity "lpm_constant_I8" for hierarchy "I_Template:inst12|lpm_constant_I8:I_8"
Info: Elaborating entity "lpm_constant_I9" for hierarchy "I_Template:inst12|lpm_constant_I9:I_9"
Warning: Design contains 72 input pin(s) that do not drive logic
    Warning (15610): No output dependent on input pin "U1_5[7]"
    Warning (15610): No output dependent on input pin "U1_5[6]"
    Warning (15610): No output dependent on input pin "U1_5[5]"
    Warning (15610): No output dependent on input pin "U1_5[4]"
    Warning (15610): No output dependent on input pin "U1_5[3]"
    Warning (15610): No output dependent on input pin "U1_5[2]"
    Warning (15610): No output dependent on input pin "U1_5[1]"
    Warning (15610): No output dependent on input pin "U1_5[0]"
    Warning (15610): No output dependent on input pin "U2_5[7]"
    Warning (15610): No output dependent on input pin "U2_5[6]"
    Warning (15610): No output dependent on input pin "U2_5[5]"
    Warning (15610): No output dependent on input pin "U2_5[4]"
    Warning (15610): No output dependent on input pin "U2_5[3]"
    Warning (15610): No output dependent on input pin "U2_5[2]"
    Warning (15610): No output dependent on input pin "U2_5[1]"
    Warning (15610): No output dependent on input pin "U2_5[0]"
    Warning (15610): No output dependent on input pin "U4_5[7]"
    Warning (15610): No output dependent on input pin "U4_5[6]"
    Warning (15610): No output dependent on input pin "U4_5[5]"
    Warning (15610): No output dependent on input pin "U4_5[4]"
    Warning (15610): No output dependent on input pin "U4_5[3]"
    Warning (15610): No output dependent on input pin "U4_5[2]"
    Warning (15610): No output dependent on input pin "U4_5[1]"
    Warning (15610): No output dependent on input pin "U4_5[0]"
    Warning (15610): No output dependent on input pin "U5_5[7]"
    Warning (15610): No output dependent on input pin "U5_5[6]"
    Warning (15610): No output dependent on input pin "U5_5[5]"
    Warning (15610): No output dependent on input pin "U5_5[4]"
    Warning (15610): No output dependent on input pin "U5_5[3]"
    Warning (15610): No output dependent on input pin "U5_5[2]"
    Warning (15610): No output dependent on input pin "U5_5[1]"
    Warning (15610): No output dependent on input pin "U5_5[0]"
    Warning (15610): No output dependent on input pin "U3_5[7]"
    Warning (15610): No output dependent on input pin "U3_5[6]"
    Warning (15610): No output dependent on input pin "U3_5[5]"
    Warning (15610): No output dependent on input pin "U3_5[4]"
    Warning (15610): No output dependent on input pin "U3_5[3]"
    Warning (15610): No output dependent on input pin "U3_5[2]"
    Warning (15610): No output dependent on input pin "U3_5[1]"
    Warning (15610): No output dependent on input pin "U3_5[0]"
    Warning (15610): No output dependent on input pin "U6_5[7]"
    Warning (15610): No output dependent on input pin "U6_5[6]"
    Warning (15610): No output dependent on input pin "U6_5[5]"
    Warning (15610): No output dependent on input pin "U6_5[4]"
    Warning (15610): No output dependent on input pin "U6_5[3]"
    Warning (15610): No output dependent on input pin "U6_5[2]"
    Warning (15610): No output dependent on input pin "U6_5[1]"
    Warning (15610): No output dependent on input pin "U6_5[0]"
    Warning (15610): No output dependent on input pin "U7_5[7]"
    Warning (15610): No output dependent on input pin "U7_5[6]"
    Warning (15610): No output dependent on input pin "U7_5[5]"
    Warning (15610): No output dependent on input pin "U7_5[4]"
    Warning (15610): No output dependent on input pin "U7_5[3]"
    Warning (15610): No output dependent on input pin "U7_5[2]"
    Warning (15610): No output dependent on input pin "U7_5[1]"
    Warning (15610): No output dependent on input pin "U7_5[0]"
    Warning (15610): No output dependent on input pin "U8_5[7]"
    Warning (15610): No output dependent on input pin "U8_5[6]"
    Warning (15610): No output dependent on input pin "U8_5[5]"
    Warning (15610): No output dependent on input pin "U8_5[4]"
    Warning (15610): No output dependent on input pin "U8_5[3]"
    Warning (15610): No output dependent on input pin "U8_5[2]"
    Warning (15610): No output dependent on input pin "U8_5[1]"
    Warning (15610): No output dependent on input pin "U8_5[0]"
    Warning (15610): No output dependent on input pin "U9_5[7]"
    Warning (15610): No output dependent on input pin "U9_5[6]"
    Warning (15610): No output dependent on input pin "U9_5[5]"
    Warning (15610): No output dependent on input pin "U9_5[4]"
    Warning (15610): No output dependent on input pin "U9_5[3]"
    Warning (15610): No output dependent on input pin "U9_5[2]"
    Warning (15610): No output dependent on input pin "U9_5[1]"
    Warning (15610): No output dependent on input pin "U9_5[0]"
Info: Implemented 72 device resources after synthesis - the final resource count might be different
    Info: Implemented 72 input pins
    Info: Implemented 0 output pins
Info: Quartus II Analysis & Synthesis was successful. 0 errors, 88 warnings
    Info: Peak virtual memory: 251 megabytes
    Info: Processing ended: Sun Jan 25 14:10:17 2015
    Info: Elapsed time: 00:00:02
    Info: Total CPU time (on all processors): 00:00:02


